2026-04-17 11:27:49 - INFO - 
======================================================================
2026-04-17 11:27:49 - INFO - 🚀 Starting Ruwac Website Scraper (with Detail Pages)
2026-04-17 11:27:49 - INFO - ======================================================================
2026-04-17 11:27:49 - INFO - 
======================================================================
2026-04-17 11:27:49 - INFO - Category: Industrial Vacuum Cleaners
2026-04-17 11:27:49 - INFO - ======================================================================
2026-04-17 11:27:49 - INFO - 
📁 Industrial Vacuum Cleaners > Overview
2026-04-17 11:27:56 - INFO - ✓ R01 A - 19 images
2026-04-17 11:27:58 - INFO - ✓ R01 A - 17 images
2026-04-17 11:27:59 - INFO - ✓ R01 A - 17 images
2026-04-20 13:29:01 - INFO - 
======================================================================
2026-04-20 13:29:01 - INFO - 🚀 Starting Ruwac Website Scraper (with Detail Pages)
2026-04-20 13:29:01 - INFO - ======================================================================
2026-04-20 13:29:01 - INFO - 
======================================================================
2026-04-20 13:29:01 - INFO - Category: Industrial Vacuum Cleaners
2026-04-20 13:29:01 - INFO - ======================================================================
2026-04-20 13:29:01 - INFO - 
📁 Industrial Vacuum Cleaners > Overview
2026-04-20 13:29:04 - INFO - ✓ R01 A - 19 images
2026-04-20 13:29:06 - INFO - ✓ R01 A - 17 images
2026-04-20 13:29:07 - INFO - ✓ R01 A - 17 images
2026-04-20 13:29:13 - INFO - ✓ R01 A - DustEx - 17 images
2026-04-20 13:29:15 - INFO - ✓ R01 A - DustEx - 17 images
2026-04-20 15:02:50 - INFO - 
======================================================================
2026-04-20 15:02:50 - INFO - 🚀 Starting Ruwac Website Scraper (with Detail Pages)
2026-04-20 15:02:50 - INFO - ======================================================================
2026-04-20 15:02:50 - INFO - 
======================================================================
2026-04-20 15:02:50 - INFO - Category: Industrial Vacuum Cleaners
2026-04-20 15:02:50 - INFO - ======================================================================
2026-04-20 15:02:50 - INFO - 
📁 Industrial Vacuum Cleaners > Overview
2026-04-20 15:02:54 - INFO - ✓ R01 A - 19 images
2026-04-20 15:02:55 - INFO - ✓ R01 A - 17 images
2026-04-20 15:02:57 - INFO - ✓ R01 A - 17 images
2026-04-28 18:11:53 - INFO - 
======================================================================
2026-04-28 18:11:53 - INFO - 🚀 Starting Ruwac Website Scraper (with Detail Pages)
2026-04-28 18:11:53 - INFO - ======================================================================
2026-04-28 18:11:53 - INFO - 
======================================================================
2026-04-28 18:11:53 - INFO - Category: Industrial Vacuum Cleaners
2026-04-28 18:11:53 - INFO - ======================================================================
2026-04-28 18:11:53 - INFO - 
📁 Industrial Vacuum Cleaners > Overview
2026-04-28 18:11:57 - INFO - ✓ R01 A - 19 images
2026-04-28 18:11:59 - INFO - ✓ R01 A - 17 images
2026-04-28 18:12:02 - INFO - ✓ R01 A - 17 images
2026-04-28 18:12:02 - INFO -   Found 3 products in this category
2026-04-28 18:12:04 - INFO - 
📁 Industrial Vacuum Cleaners > Single-Phase Drive
2026-04-28 18:12:12 - INFO - ✓ R01 A - 18 images
2026-04-28 18:12:15 - INFO - ✓ R01 A - 18 images
2026-04-28 18:12:16 - INFO - ✓ R01 A - 18 images
2026-04-28 18:12:16 - INFO -   Found 3 products in this category
2026-04-28 18:12:18 - INFO - 
📁 Industrial Vacuum Cleaners > Three-Phase Drive
2026-04-28 18:12:28 - INFO - ✓ R01 R - 27 images
2026-04-28 18:12:29 - INFO - ✓ R01 R - 27 images
2026-04-28 18:12:31 - INFO - ✓ R01 R - 27 images
2026-04-28 18:12:31 - INFO -   Found 3 products in this category
2026-04-28 18:12:33 - INFO - 
📁 Industrial Vacuum Cleaners > Three-Phase Direct
2026-04-28 18:12:41 - INFO - ✓ R13 - 14 images
